$ hdldepends hdldeps.toml --top-entity fir_compiler_0 -o compile-order compile_order.txt
exit: 0
--- stdout ---
compile order:
  DIRECT:        |---work: <WORK>/fir_compiler_0_coefs.coe
  X_XCI:         work: <WORK>/fir_compiler_0.xci
--- stderr ---

--- file: compile_order.txt ---
DIRECT work <WORK>/fir_compiler_0_coefs.coe
X_XCI work <WORK>/fir_compiler_0.xci
